Emacs=31.0.91 graphic=t font="-*-Iosevka-regular-normal-normal-*-15-*-*-*-m-0-iso10646-1" gc-cons-threshold=800000 time=Mon Sep  7 02:19:13 2026
BEGIN large.org mode=nil body=1400px
cold=(0.006284 0 0.0) memory-bytes=91865 overlays=0
gc-before=((conses 16 249243 10205) (symbols 48 21635 4) (strings 32 66857 2428) (string-bytes 1 2391370) (vectors 16 38222) (vector-slots 8 1207554 242463) (floats 8 299 1) (intervals 56 46 0) (buffers 1064 7))
gc-after=((conses 16 251434 8014) (symbols 48 21635 4) (strings 32 66855 2430) (string-bytes 1 2391667) (vectors 16 38223) (vector-slots 8 1207558 242459) (floats 8 302 2) (intervals 56 1055 7) (buffers 1064 7))
INVARIANT size=52620 expected=52620 bounds=(1 52621) source-unchanged=t
STATE after-cold point=1 min=1 max=52621 tables=1 overlays=0
warm=(0.006385 0 0.0)
INVARIANT size=52620 expected=52620 bounds=(1 52621) source-unchanged=t
STATE after-warm point=1 tables=1 overlays=0
resize=(0.335336 0 0.0) body=1100px
INVARIANT size=52620 expected=52620 bounds=(1 52621) source-unchanged=t
STATE after-resize point=1 tables=1 overlays=0
enter=(0.0 0 0.0)
leave=(1e-06 0 0.0)
INVARIANT size=52620 expected=52620 bounds=(1 52621) source-unchanged=t
STATE after-leave point=1 tables=1 overlays=0
redisplay5=(0.075284 0 0.0)
scroll20=(0.023351 1 0.015091999999999994)
scroll-end-of-buffer=6
END large.org mode=nil modified=nil
BEGIN large.org mode=t body=1400px
cold=(0.355002 2 0.046678) memory-bytes=10569516 overlays=1
gc-before=((conses 16 255019 18816) (symbols 48 21774 1) (strings 32 67003 2313) (string-bytes 1 2393631) (vectors 16 39799) (vector-slots 8 1231129 221805) (floats 8 299 24) (intervals 56 47 32) (buffers 1064 7))
gc-after=((conses 16 565055 2791779) (symbols 48 21774 1) (strings 32 79939 61111) (string-bytes 1 2761299) (vectors 16 39910) (vector-slots 8 1232970 219964) (floats 8 302 53) (intervals 56 85954 71681) (buffers 1064 7))
INVARIANT size=52620 expected=52620 bounds=(1 52621) source-unchanged=t
STATE after-cold point=1 min=1 max=52621 tables=1 overlays=1
warm=(0.007237 0 0.0)
INVARIANT size=52620 expected=52620 bounds=(1 52621) source-unchanged=t
STATE after-warm point=1 tables=1 overlays=1
resize=(0.27906600000000004 2 0.053201) body=1100px
INVARIANT size=52620 expected=52620 bounds=(1 52621) source-unchanged=t
STATE after-resize point=1 tables=1 overlays=1
enter=(8e-06 0 0.0)
leave=(0.007163 0 0.0)
INVARIANT size=52620 expected=52620 bounds=(1 52621) source-unchanged=t
STATE after-leave point=1 tables=1 overlays=1
redisplay5=(0.023406 0 0.0)
scroll20=(0.054532 1 0.025025999999999993)
scroll-end-of-buffer=0
END large.org mode=t modified=nil
BEGIN huge.org mode=nil body=1400px
cold=(0.030863 0 0.0) memory-bytes=531866 overlays=0
gc-before=((conses 16 462262 2275416) (symbols 48 21774 1) (strings 32 67008 2680) (string-bytes 1 2502333) (vectors 16 39934) (vector-slots 8 1233681 219764) (floats 8 299 63) (intervals 56 42094 83) (buffers 1064 7))
gc-after=((conses 16 474453 2263225) (symbols 48 21774 1) (strings 32 67006 2558) (string-bytes 1 2502631) (vectors 16 39935) (vector-slots 8 1233685 219760) (floats 8 302 60) (intervals 56 48103 5) (buffers 1064 7))
INVARIANT size=251419 expected=251419 bounds=(1 251420) source-unchanged=t
STATE after-cold point=1 min=1 max=251420 tables=1 overlays=0
warm=(0.051621 1 0.020672000000000024)
INVARIANT size=251419 expected=251419 bounds=(1 251420) source-unchanged=t
STATE after-warm point=1 tables=1 overlays=0
resize=(0.024684 0 0.0) body=1100px
INVARIANT size=251419 expected=251419 bounds=(1 251420) source-unchanged=t
STATE after-resize point=1 tables=1 overlays=0
enter=(0.0 0 0.0)
leave=(0.0 0 0.0)
INVARIANT size=251419 expected=251419 bounds=(1 251420) source-unchanged=t
STATE after-leave point=1 tables=1 overlays=0
redisplay5=(0.001777 0 0.0)
scroll20=(0.008679 0 0.0)
scroll-end-of-buffer=0
END huge.org mode=nil modified=nil
BEGIN huge.org mode=t body=1400px
cold=(1.339867 7 0.20070100000000002) memory-bytes=26771783 overlays=1
gc-before=((conses 16 462262 2275416) (symbols 48 21774 1) (strings 32 67008 2401) (string-bytes 1 2502329) (vectors 16 39934) (vector-slots 8 1233681 219253) (floats 8 299 63) (intervals 56 42094 98) (buffers 1064 7))
gc-after=((conses 16 1176168 2585836) (symbols 48 21774 1) (strings 32 118675 73959) (string-bytes 1 3931080) (vectors 16 41185) (vector-slots 8 1237427 313619) (floats 8 302 60) (intervals 56 260258 0) (buffers 1064 7))
INVARIANT size=251419 expected=251419 bounds=(1 251420) source-unchanged=t
STATE after-cold point=1 min=1 max=251420 tables=1 overlays=1
warm=(0.034297 0 0.0)
INVARIANT size=251419 expected=251419 bounds=(1 251420) source-unchanged=t
STATE after-warm point=1 tables=1 overlays=1
resize=(1.052924 7 0.2782629999999999) body=1100px
INVARIANT size=251419 expected=251419 bounds=(1 251420) source-unchanged=t
STATE after-resize point=1 tables=1 overlays=1
enter=(7e-06 0 0.0)
leave=(0.034108 0 0.0)
INVARIANT size=251419 expected=251419 bounds=(1 251420) source-unchanged=t
STATE after-leave point=1 tables=1 overlays=1
redisplay5=(0.00922 0 0.0)
scroll20=(0.065223 1 0.03987800000000008)
scroll-end-of-buffer=0
END huge.org mode=t modified=nil
PROFILE self total-weight=500
  32.20% window-text-pixel-size weight=161
  13.80% Automatic\ GC weight=69
  5.80% let weight=29
  3.20% gethash weight=16
  2.60% let* weight=13
  2.20% and weight=11
  2.00% concat weight=10
  2.00% substring weight=10
  1.80% mapconcat weight=9
  1.60% max weight=8
PROFILE inclusive total-weight=500
  85.40% let weight=427
  81.00% if weight=405
  56.00% progn weight=280
  48.00% while weight=240
  46.80% let* weight=234
  46.40% org-table-widget--measure-string weight=232
  40.40% save-excursion weight=202
  39.80% funcall weight=199
  39.60% unwind-protect weight=198
  36.00% puthash weight=180
COMPLETE
