Emacs=31.0.91 graphic=t font="-*-Iosevka-regular-normal-normal-*-15-*-*-*-m-0-iso10646-1" gc-cons-threshold=800000 time=Mon Sep  7 01:59:48 2026
BEGIN large.org mode=nil body=1400px
cold=(0.00637 0 0.0) memory-bytes=91575 overlays=0
gc-before=((conses 16 248962 10044) (symbols 48 21629 4) (strings 32 66843 2504) (string-bytes 1 2390849) (vectors 16 31823) (vector-slots 8 412852 11077) (floats 8 299 1) (intervals 56 46 0) (buffers 1064 7))
gc-after=((conses 16 251153 7853) (symbols 48 21629 4) (strings 32 66841 2475) (string-bytes 1 2390856) (vectors 16 31824) (vector-slots 8 412856 11073) (floats 8 302 2) (intervals 56 1055 7) (buffers 1064 7))
STATE after-cold point=1 min=1 max=52621 tables=1 overlays=0
warm=(0.006422 0 0.0)
STATE after-warm point=1 tables=1 overlays=0
resize=(0.335178 0 0.0) body=1100px
STATE after-resize point=1 tables=1 overlays=0
enter=(0.0 0 0.0)
leave=(0.0 0 0.0)
STATE after-leave point=1 tables=1 overlays=0
redisplay5=(0.057174 0 0.0)
scroll20=(0.008088000000000001 0 0.0)
scroll-end-of-buffer=6
END large.org mode=nil modified=nil
BEGIN large.org mode=t body=1400px
cold=(1.184767 59 0.8534299999999999) memory-bytes=10637130 overlays=1
gc-before=((conses 16 254738 18221) (symbols 48 21768 1) (strings 32 66989 2389) (string-bytes 1 2393166) (vectors 16 33252) (vector-slots 8 436131 17798) (floats 8 299 28) (intervals 56 47 32) (buffers 1064 7))
gc-after=((conses 16 565993 148599) (symbols 48 21768 1) (strings 32 79923 1948) (string-bytes 1 2760704) (vectors 16 34596) (vector-slots 8 441537 10859) (floats 8 302 36) (intervals 56 85955 10379) (buffers 1064 7))
STATE after-cold point=1 min=1 max=52621 tables=1 overlays=1
warm=(0.776689 38 0.6222460000000001)
STATE after-warm point=1 tables=1 overlays=1
resize=(1.05307 46 0.8204580000000001) body=1100px
STATE after-resize point=1 tables=1 overlays=1
enter=(7e-06 0 0.0)
leave=(1.124247 57 0.9137269999999997)
STATE after-leave point=1 tables=1 overlays=1
redisplay5=(0.342354 0 0.0)
scroll20=(0.048004 1 0.018619000000000163)
scroll-end-of-buffer=0
END large.org mode=t modified=nil
BEGIN huge.org mode=nil body=1400px
cold=(0.030141 0 0.0) memory-bytes=531520 overlays=0
gc-before=((conses 16 461981 192842) (symbols 48 21768 1) (strings 32 66994 2942) (string-bytes 1 2501868) (vectors 16 33386) (vector-slots 8 438681 14737) (floats 8 299 55) (intervals 56 42094 469) (buffers 1064 7))
gc-after=((conses 16 474172 180651) (symbols 48 21768 1) (strings 32 66992 2758) (string-bytes 1 2501820) (vectors 16 33387) (vector-slots 8 438685 14733) (floats 8 302 52) (intervals 56 48103 5) (buffers 1064 7))
STATE after-cold point=1 min=1 max=251420 tables=1 overlays=0
warm=(0.03131 0 0.0)
STATE after-warm point=1 tables=1 overlays=0
resize=(0.00651 0 0.0) body=1100px
STATE after-resize point=1 tables=1 overlays=0
enter=(0.0 0 0.0)
leave=(0.0 0 0.0)
STATE after-leave point=1 tables=1 overlays=0
redisplay5=(0.018578 0 0.0)
scroll20=(0.008937 0 0.0)
scroll-end-of-buffer=0
END huge.org mode=nil modified=nil
BEGIN huge.org mode=t body=1400px
cold=(3.816223 162 2.668413) memory-bytes=26770973 overlays=1
gc-before=((conses 16 461981 192842) (symbols 48 21768 1) (strings 32 66994 2477) (string-bytes 1 2501864) (vectors 16 33386) (vector-slots 8 438681 16270) (floats 8 299 55) (intervals 56 42094 476) (buffers 1064 7))
gc-after=((conses 16 1175857 506644) (symbols 48 21768 1) (strings 32 118660 3449) (string-bytes 1 3930405) (vectors 16 34636) (vector-slots 8 442418 10489) (floats 8 302 52) (intervals 56 260258 12412) (buffers 1064 7))
STATE after-cold point=1 min=1 max=251420 tables=1 overlays=1
warm=(2.6429 78 2.003278)
STATE after-warm point=1 tables=1 overlays=1
resize=(3.850425 90 3.0432559999999995) body=1100px
STATE after-resize point=1 tables=1 overlays=1
enter=(1.1e-05 0 0.0)
leave=(3.897515 140 3.1577550000000016)
STATE after-leave point=1 tables=1 overlays=1
redisplay5=(0.010314 0 0.0)
scroll20=(0.025816 0 0.0)
scroll-end-of-buffer=0
END huge.org mode=t modified=nil
PROFILE self total-weight=1363
  62.73% Automatic\ GC weight=855
  11.37% window-text-pixel-size weight=155
  3.89% substring weight=53
  2.93% concat weight=40
  2.27% let weight=31
  2.20% mapconcat weight=30
  0.95% copy-sequence weight=13
  0.73% let* weight=10
  0.66% org-table-widget--measure-string weight=9
  0.66% gethash weight=9
PROFILE inclusive total-weight=1363
  62.73% Automatic\ GC weight=855
  36.76% let weight=501
  34.48% if weight=470
  27.66% setq weight=377
  24.28% let* weight=331
  23.33% while weight=318
  21.06% org-table-widget--measure-string weight=287
  16.29% funcall weight=222
  15.70% save-excursion weight=214
  14.75% puthash weight=201
COMPLETE
