Emacs=31.0.91 graphic=t font="-*-Iosevka-regular-normal-normal-*-15-*-*-*-m-0-iso10646-1" gc-cons-threshold=800000 time=Mon Sep  7 02:03:05 2026
BEGIN large.org mode=nil body=1400px
cold=(0.006389 0 0.0) memory-bytes=91575 overlays=0
gc-before=((conses 16 248991 10044) (symbols 48 21630 4) (strings 32 66845 2533) (string-bytes 1 2390948) (vectors 16 31831) (vector-slots 8 412868 11061) (floats 8 299 1) (intervals 56 46 0) (buffers 1064 7))
gc-after=((conses 16 251182 7853) (symbols 48 21630 4) (strings 32 66843 2504) (string-bytes 1 2390955) (vectors 16 31832) (vector-slots 8 412872 11057) (floats 8 302 2) (intervals 56 1055 7) (buffers 1064 7))
STATE after-cold point=1 min=1 max=52621 tables=1 overlays=0
warm=(0.006481 0 0.0)
STATE after-warm point=1 tables=1 overlays=0
resize=(0.34483100000000005 0 0.0) body=1100px
STATE after-resize point=1 tables=1 overlays=0
enter=(1e-06 0 0.0)
leave=(0.0 0 0.0)
STATE after-leave point=1 tables=1 overlays=0
redisplay5=(0.078526 0 0.0)
scroll20=(0.008469 0 0.0)
scroll-end-of-buffer=6
END large.org mode=nil modified=nil
BEGIN large.org mode=t body=1400px
cold=(0.35508300000000004 2 0.043923000000000045) memory-bytes=10568962 overlays=1
gc-before=((conses 16 254767 18221) (symbols 48 21769 1) (strings 32 66991 2387) (string-bytes 1 2393265) (vectors 16 33408) (vector-slots 8 436443 18508) (floats 8 299 28) (intervals 56 47 32) (buffers 1064 7))
gc-after=((conses 16 564773 2778816) (symbols 48 21769 1) (strings 32 79926 61620) (string-bytes 1 2760979) (vectors 16 33518) (vector-slots 8 438275 20764) (floats 8 302 53) (intervals 56 85954 71794) (buffers 1064 7))
STATE after-cold point=1 min=1 max=52621 tables=1 overlays=1
warm=(0.201497 2 0.04948399999999997)
STATE after-warm point=1 tables=1 overlays=1
resize=(0.28015 2 0.051656000000000035) body=1100px
STATE after-resize point=1 tables=1 overlays=1
enter=(7e-06 0 0.0)
leave=(0.230879 2 0.04811799999999994)
STATE after-leave point=1 tables=1 overlays=1
redisplay5=(0.013988 0 0.0)
scroll20=(0.052498 1 0.023025000000000073)
scroll-end-of-buffer=0
END large.org mode=t modified=nil
BEGIN huge.org mode=nil body=1400px
cold=(0.030685 0 0.0) memory-bytes=531520 overlays=0
gc-before=((conses 16 462010 2271027) (symbols 48 21769 1) (strings 32 66996 2754) (string-bytes 1 2501967) (vectors 16 33543) (vector-slots 8 438995 18000) (floats 8 299 65) (intervals 56 42094 70) (buffers 1064 7))
gc-after=((conses 16 474201 2258836) (symbols 48 21769 1) (strings 32 66994 2663) (string-bytes 1 2501919) (vectors 16 33544) (vector-slots 8 438999 17996) (floats 8 302 62) (intervals 56 48103 5) (buffers 1064 7))
STATE after-cold point=1 min=1 max=251420 tables=1 overlays=0
warm=(0.031754 0 0.0)
STATE after-warm point=1 tables=1 overlays=0
resize=(0.021685 0 0.0) body=1100px
STATE after-resize point=1 tables=1 overlays=0
enter=(1e-06 0 0.0)
leave=(0.0 0 0.0)
STATE after-leave point=1 tables=1 overlays=0
redisplay5=(0.001704 0 0.0)
scroll20=(0.008893 0 0.0)
scroll-end-of-buffer=0
END huge.org mode=nil modified=nil
BEGIN huge.org mode=t body=1400px
cold=(1.3276750000000002 7 0.18973699999999993) memory-bytes=26703125 overlays=1
gc-before=((conses 16 462010 2268997) (symbols 48 21769 1) (strings 32 66996 2475) (string-bytes 1 2501963) (vectors 16 33543) (vector-slots 8 438995 19022) (floats 8 299 65) (intervals 56 42094 80) (buffers 1064 7))
gc-after=((conses 16 1174651 2584098) (symbols 48 21769 1) (strings 32 118664 73846) (string-bytes 1 3930720) (vectors 16 33558) (vector-slots 8 439156 19372) (floats 8 302 62) (intervals 56 260258 0) (buffers 1064 7))
STATE after-cold point=1 min=1 max=251420 tables=1 overlays=1
warm=(0.866934 6 0.22258699999999998)
STATE after-warm point=1 tables=1 overlays=1
resize=(1.060281 7 0.275088) body=1100px
STATE after-resize point=1 tables=1 overlays=1
enter=(7e-06 0 0.0)
leave=(0.946408 7 0.22378999999999993)
STATE after-leave point=1 tables=1 overlays=1
redisplay5=(0.007987000000000001 0 0.0)
scroll20=(0.025717 0 0.0)
scroll-end-of-buffer=0
END huge.org mode=t modified=nil
PROFILE self total-weight=604
  30.96% window-text-pixel-size weight=187
  17.22% Automatic\ GC weight=104
  4.80% let weight=29
  2.65% concat weight=16
  2.65% let* weight=16
  1.66% substring weight=10
  1.66% aref weight=10
  1.49% macroexp--expand-all weight=9
  1.49% setq weight=9
  1.49% equal-including-properties weight=9
PROFILE inclusive total-weight=604
  82.28% let weight=497
  77.65% if weight=469
  61.92% setq weight=374
  46.36% while weight=280
  46.03% let* weight=278
  45.36% org-table-widget--measure-string weight=274
  39.24% save-excursion weight=237
  38.58% funcall weight=233
  36.26% puthash weight=219
  36.09% save-current-buffer weight=218
COMPLETE
